// Vitest Snapshot v1, https://vitest.dev/guide/snapshot.html

exports[`tool registry contract > tool surface area snapshot 1`] = `
[
  "bridge_manage",
  "capture_episode",
  "care_manage",
  "claude",
  "coding_kill",
  "coding_send_input",
  "coding_spawn",
  "coding_status",
  "coding_tail",
  "diary_write",
  "edit_file",
  "geocode_search",
  "get_friend_note",
  "glob",
  "grep",
  "intention_capture",
  "intention_manage",
  "list_skills",
  "load_skill",
  "propose_config",
  "query_active_work",
  "query_cares",
  "query_episodes",
  "query_presence",
  "query_relationships",
  "query_session",
  "read_config",
  "read_file",
  "recall",
  "save_friend_note",
  "send_message",
  "set_reasoning_effort",
  "shell",
  "shell_status",
  "shell_tail",
  "travel_advisory",
  "update_config",
  "vault_delete",
  "vault_get",
  "vault_list",
  "vault_store",
  "weather_lookup",
  "web_search",
  "write_file",
]
`;
