// Vitest Snapshot v1, https://vitest.dev/guide/snapshot.html

exports[`tool registry contract > tool surface area snapshot 1`] = `
[
  "claude",
  "coding_kill",
  "coding_send_input",
  "coding_spawn",
  "coding_status",
  "coding_tail",
  "get_current_time",
  "get_friend_note",
  "gh_cli",
  "git_commit",
  "list_directory",
  "list_skills",
  "load_skill",
  "memory_save",
  "memory_search",
  "query_session",
  "read_file",
  "save_friend_note",
  "schedule_reminder",
  "send_message",
  "shell",
  "task_board",
  "task_board_action",
  "task_board_deps",
  "task_board_sessions",
  "task_board_status",
  "task_create",
  "task_update_status",
  "web_search",
  "write_file",
]
`;
