// Vitest Snapshot v1, https://vitest.dev/guide/snapshot.html

exports[`tool registry contract > tool surface area snapshot 1`] = `
[
  "bridge_manage",
  "claude",
  "coding_kill",
  "coding_send_input",
  "coding_spawn",
  "coding_status",
  "coding_tail",
  "edit_file",
  "get_friend_note",
  "glob",
  "grep",
  "list_skills",
  "load_skill",
  "memory_save",
  "memory_search",
  "query_active_work",
  "query_session",
  "read_file",
  "safe_workspace",
  "save_friend_note",
  "send_message",
  "set_reasoning_effort",
  "shell",
  "web_search",
  "write_file",
]
`;
